
> design-studio-app@0.1.0 build
> tsc --noEmit -p tsconfig.json && vite build && node scripts/check-bundle-size.mjs

(!) Your Vite config uses features that are unsupported by `configLoader: 'native'`, which is planned to become the default in a future major version of Vite:
  - import "./src/build/notInlinedIcons" without a file extension (vite.config.ts:5:37). Add the file extension
Set `VITE_CONFIG_NATIVE_IGNORE_WARNING=true` to suppress this warning.
vite v8.3.1 building client environment for production...
transforming...
✓ 324 modules transformed.
rendering chunks...
computing gzip size...
dist/assets/arrow-right-Do6NaTe6.svg                     0.22 kB │ gzip:  0.17 kB
dist/assets/chevron-down-UGy2Q_vR.svg                    0.44 kB │ gzip:  0.26 kB
dist/assets/chevron-left-C1r_0PK-.svg                    0.45 kB │ gzip:  0.26 kB
dist/assets/check-DwDeeBet.svg                           0.45 kB │ gzip:  0.28 kB
dist/index.html                                          0.47 kB │ gzip:  0.29 kB
dist/assets/search-DSSU1Eym.svg                          0.59 kB │ gzip:  0.31 kB
dist/assets/circle-check-Bs3I_2Hu.svg                    0.61 kB │ gzip:  0.36 kB
dist/assets/bookmark-fill-Di8oDBsW.svg                   0.76 kB │ gzip:  0.40 kB
dist/assets/circle-info-Dp_yL-y3.svg                     0.85 kB │ gzip:  0.36 kB
dist/assets/bookmark-CX0jx-5N.svg                        1.09 kB │ gzip:  0.53 kB
dist/assets/warning-I8LH9TjP.svg                         1.53 kB │ gzip:  0.66 kB
dist/assets/sparkle-cqilRS3G.svg                         4.37 kB │ gzip:  1.83 kB
dist/.vite/manifest.json                                12.30 kB │ gzip:  1.88 kB
dist/assets/Pretendard-Regular.subset-BZqc2FCe.woff2   267.09 kB
dist/assets/Pretendard-Medium.subset-D07TkZcI.woff2    268.32 kB
dist/assets/Pretendard-SemiBold.subset-DdMYyxPR.woff2  268.75 kB
dist/assets/Pretendard-Bold.subset-NvQkMce4.woff2      270.78 kB
dist/assets/index-Bz-DRn5S.css                          44.16 kB │ gzip:  8.86 kB
dist/assets/profileEvents-BZQzo2FC.js                    0.09 kB │ gzip:  0.10 kB
dist/assets/profileRepository-Cf1X6rgu.js                0.15 kB │ gzip:  0.13 kB
dist/assets/useThrowToBoundary-e3Nrf3la.js               0.16 kB │ gzip:  0.15 kB
dist/assets/compareTray-Bl8uuAiL.js                      0.17 kB │ gzip:  0.19 kB
dist/assets/rovingFocus-C627c-M6.js                      0.26 kB │ gzip:  0.19 kB
dist/assets/carryOverPanel-tRh1i7v2.js                   0.61 kB │ gzip:  0.40 kB
dist/assets/PlaceholderPage-BpbelZMD.js                  0.64 kB │ gzip:  0.43 kB
dist/assets/effectiveProfile-CIFNkz4g.js                 0.67 kB │ gzip:  0.37 kB
dist/assets/TextField-Dr52EGeT.js                        0.72 kB │ gzip:  0.43 kB
dist/assets/Callout-C92e-iN6.js                          0.85 kB │ gzip:  0.42 kB
dist/assets/referenceDisplay-WPKeJA4r.js                 0.87 kB │ gzip:  0.48 kB
dist/assets/boardInput-DtxVN3se.js                       1.01 kB │ gzip:  0.70 kB
dist/assets/profileAdjustments-Cj8fEIq4.js               1.06 kB │ gzip:  0.62 kB
dist/assets/sectionLibrary-50WmVJEd.js                   1.10 kB │ gzip:  0.63 kB
dist/assets/adjustmentText-C8m9Grsn.js                   1.34 kB │ gzip:  0.72 kB
dist/assets/contrast-Dml2eM2B.js                         1.41 kB │ gzip:  0.88 kB
dist/assets/profileContrast-BZilgXaQ.js                  1.47 kB │ gzip:  0.76 kB
dist/assets/SegmentedControl-BbbL-K2R.js                 1.93 kB │ gzip:  1.02 kB
dist/assets/catalogFilters-CTS9InfW.js                   2.26 kB │ gzip:  1.16 kB
dist/assets/references-Dy8ZbmG9.js                       2.70 kB │ gzip:  0.97 kB
dist/assets/memoryBoardConfirm-CWwZHohf.js               2.87 kB │ gzip:  1.50 kB
dist/assets/memoryProfileAdjust-DyLdcLXf.js              3.66 kB │ gzip:  1.74 kB
dist/assets/referenceComparisons-BjFXZkfz.js             3.69 kB │ gzip:  1.01 kB
dist/assets/referenceDetails-C7TYk5GK.js                 5.57 kB │ gzip:  1.41 kB
dist/assets/memoryStudio-C5Ok3rwa.js                     6.42 kB │ gzip:  2.67 kB
dist/assets/react-DB-4Zxce.js                            8.52 kB │ gzip:  3.28 kB
dist/assets/profileDraft-eRgynpHA.js                     9.07 kB │ gzip:  3.86 kB
dist/assets/ReferenceDetailPage-fK-lK_FI.js             13.17 kB │ gzip:  4.43 kB
dist/assets/boardEngine-CpTA-2oZ.js                     14.40 kB │ gzip:  6.15 kB
dist/assets/profileEngine-BNBwezDj.js                   14.78 kB │ gzip:  5.72 kB
dist/assets/schemas-W3dRUVzC.js                         18.15 kB │ gzip:  5.95 kB
dist/assets/CatalogPage-Bg8MyrVi.js                     19.50 kB │ gzip:  6.69 kB
dist/assets/ProfilePage-D6NWgaQU.js                     20.91 kB │ gzip:  7.25 kB
dist/assets/CompareBoardPage-BduPsk7w.js                27.70 kB │ gzip:  9.26 kB
dist/assets/index-bAH303PE.js                          270.38 kB │ gzip: 86.68 kB

✓ built in 399ms
[bundle] 공통 JS (gzip, 참고): 89.06KB
  - assets/index-bAH303PE.js 85.78KB
  - assets/react-DB-4Zxce.js 3.28KB
[bundle] /catalog 첫 화면 합계: 99.36KB / 예산 100KB · 진입 직후 자동 로드 포함: 101.74KB / 예산 125KB
[bundle] /references/:id 첫 화면 합계: 96.71KB / 예산 100KB · 진입 직후 자동 로드 포함: 99.09KB / 예산 125KB
[bundle] /compare 첫 화면 합계: 99.59KB / 예산 100KB · 진입 직후 자동 로드 포함: 118.99KB / 예산 125KB
[bundle]   /compare 조작 뒤 src/features/compare/carryOverPanel.tsx: +2.89KB (5개 파일, 예산 판정 밖)
[bundle]   /compare 조작 뒤 src/data/memoryBoardConfirm.ts: +1.50KB (1개 파일, 예산 판정 밖)
[bundle]   /compare 조작 뒤 src/domain/profileAdjustments.ts: +1.76KB (3개 파일, 예산 판정 밖)
[bundle]   /compare 조작 뒤 src/data/memoryProfileAdjust.ts: +8.02KB (3개 파일, 예산 판정 밖)
[bundle]   /compare 조작 뒤 src/domain/boardInput.ts: +6.61KB (2개 파일, 예산 판정 밖)
[bundle] /compare (조정 있음) 첫 화면 합계: 99.59KB / 예산 100KB · 진입 직후 자동 로드 포함: 118.99KB / 예산 125KB
[bundle]   /compare (조정 있음) 조작 뒤 src/features/compare/carryOverPanel.tsx: +2.89KB (5개 파일, 예산 판정 밖)
[bundle]   /compare (조정 있음) 조작 뒤 src/data/memoryBoardConfirm.ts: +1.50KB (1개 파일, 예산 판정 밖)
[bundle]   /compare (조정 있음) 조작 뒤 src/domain/profileAdjustments.ts: +1.76KB (3개 파일, 예산 판정 밖)
[bundle]   /compare (조정 있음) 조작 뒤 src/data/memoryProfileAdjust.ts: +8.02KB (3개 파일, 예산 판정 밖)
[bundle]   /compare (조정 있음) 조작 뒤 src/domain/boardInput.ts: +6.61KB (2개 파일, 예산 판정 밖)
[bundle] /profile 첫 화면 합계: 99.39KB / 예산 100KB · 진입 직후 자동 로드 포함: 118.97KB / 예산 125KB
[bundle]   /profile 조작 뒤 src/data/memoryProfileAdjust.ts: +7.64KB (2개 파일, 예산 판정 밖)
[bundle] /studio (자리표시) 첫 화면 합계: 89.50KB / 예산 100KB · 진입 직후 자동 로드 포함: 91.88KB / 예산 125KB
