../docs/qa/post-merge/tools/vitest.qa.config.ts (2:29) [33m[UNRESOLVED_IMPORT] [0mCould not resolve 'vitest/config' in ../docs/qa/post-merge/tools/vitest.qa.config.ts
   [38;5;246m╭[0m[38;5;246m─[0m[38;5;246m[[0m ../docs/qa/post-merge/tools/vitest.qa.config.ts:2:30 [38;5;246m][0m
   [38;5;246m│[0m
 [38;5;246m2 │[0m [38;5;249mi[0m[38;5;249mm[0m[38;5;249mp[0m[38;5;249mo[0m[38;5;249mr[0m[38;5;249mt[0m[38;5;249m [0m[38;5;249m{[0m[38;5;249m [0m[38;5;249md[0m[38;5;249me[0m[38;5;249mf[0m[38;5;249mi[0m[38;5;249mn[0m[38;5;249me[0m[38;5;249mC[0m[38;5;249mo[0m[38;5;249mn[0m[38;5;249mf[0m[38;5;249mi[0m[38;5;249mg[0m[38;5;249m [0m[38;5;249m}[0m[38;5;249m [0m[38;5;249mf[0m[38;5;249mr[0m[38;5;249mo[0m[38;5;249mm[0m[38;5;249m [0m"vitest/config"[38;5;249m;[0m
 [38;5;240m  │[0m                              ───────┬───────  
 [38;5;240m  │[0m                                     ╰───────── Module not found, treating it as an external dependency
[38;5;246m───╯[0m

failed to load config from /Users/younghwankang/orca/workspaces/web-builder-solution/qa-post-merge/docs/qa/post-merge/tools/vitest.qa.config.ts

⎯⎯⎯⎯⎯⎯⎯ Startup Error ⎯⎯⎯⎯⎯⎯⎯⎯
Error: Cannot find module 'vitest/config'
Require stack:
- /Users/younghwankang/orca/workspaces/web-builder-solution/qa-post-merge/docs/qa/post-merge/tools/vitest.qa.config.ts
- /Users/younghwankang/orca/workspaces/web-builder-solution/qa-post-merge/app/node_modules/vite/dist/node/chunks/node.js
    at Function._resolveFilename (node:internal/modules/cjs/loader:1430:15)
    at defaultResolveImpl (node:internal/modules/cjs/loader:1040:19)
    at resolveForCJSWithHooks (node:internal/modules/cjs/loader:1045:22)
    at Function._load (node:internal/modules/cjs/loader:1216:25)
    at wrapModuleLoad (node:internal/modules/cjs/loader:254:19)
    at Module.require (node:internal/modules/cjs/loader:1527:12)
    at require (node:internal/modules/helpers:147:16)
    at Object.<anonymous> (/Users/younghwankang/orca/workspaces/web-builder-solution/qa-post-merge/docs/qa/post-merge/tools/vitest.qa.config.ts:1:21)
    at Module._compile (node:internal/modules/cjs/loader:1781:14)
    at _require.extensions.<computed> [as .js] (file:///Users/younghwankang/orca/workspaces/web-builder-solution/qa-post-merge/app/node_modules/vite/dist/node/chunks/node.js:37874:42) {
  code: 'MODULE_NOT_FOUND',
  requireStack: [
    '/Users/younghwankang/orca/workspaces/web-builder-solution/qa-post-merge/docs/qa/post-merge/tools/vitest.qa.config.ts',
    '/Users/younghwankang/orca/workspaces/web-builder-solution/qa-post-merge/app/node_modules/vite/dist/node/chunks/node.js'
  ]
}



