
> design-studio-app@0.1.0 build
> tsc --noEmit -p tsconfig.json && vite build && node scripts/check-bundle-size.mjs

(!) Your Vite config uses features that are unsupported by `configLoader: 'native'`, which is planned to become the default in a future major version of Vite:
  - import "./src/build/notInlinedIcons" without a file extension (vite.config.ts:5:37). Add the file extension
Set `VITE_CONFIG_NATIVE_IGNORE_WARNING=true` to suppress this warning.
vite v8.3.1 building client environment for production...
transforming...
✓ 336 modules transformed.
rendering chunks...
computing gzip size...
dist/assets/arrow-right-Do6NaTe6.svg                     0.22 kB │ gzip:  0.17 kB
dist/assets/chevron-down-UGy2Q_vR.svg                    0.44 kB │ gzip:  0.26 kB
dist/assets/chevron-left-C1r_0PK-.svg                    0.45 kB │ gzip:  0.26 kB
dist/assets/check-DwDeeBet.svg                           0.45 kB │ gzip:  0.28 kB
dist/index.html                                          0.47 kB │ gzip:  0.29 kB
dist/assets/search-DSSU1Eym.svg                          0.59 kB │ gzip:  0.31 kB
dist/assets/circle-check-Bs3I_2Hu.svg                    0.61 kB │ gzip:  0.36 kB
dist/assets/bookmark-fill-Di8oDBsW.svg                   0.76 kB │ gzip:  0.40 kB
dist/assets/circle-info-Dp_yL-y3.svg                     0.85 kB │ gzip:  0.36 kB
dist/assets/bookmark-CX0jx-5N.svg                        1.09 kB │ gzip:  0.53 kB
dist/assets/warning-I8LH9TjP.svg                         1.53 kB │ gzip:  0.66 kB
dist/assets/sparkle-cqilRS3G.svg                         4.37 kB │ gzip:  1.83 kB
dist/.vite/manifest.json                                12.97 kB │ gzip:  1.96 kB
dist/assets/Pretendard-Regular.subset-BZqc2FCe.woff2   267.09 kB
dist/assets/Pretendard-Medium.subset-D07TkZcI.woff2    268.32 kB
dist/assets/Pretendard-SemiBold.subset-DdMYyxPR.woff2  268.75 kB
dist/assets/Pretendard-Bold.subset-NvQkMce4.woff2      270.78 kB
dist/assets/index-8uGkVKqy.css                          45.67 kB │ gzip:  9.09 kB
dist/assets/profileEvents-BZQzo2FC.js                    0.09 kB │ gzip:  0.10 kB
dist/assets/generation-y8_fXzx8.js                       0.12 kB │ gzip:  0.12 kB
dist/assets/profileRepository-Cf1X6rgu.js                0.15 kB │ gzip:  0.13 kB
dist/assets/useThrowToBoundary-e3Nrf3la.js               0.16 kB │ gzip:  0.15 kB
dist/assets/compareTray-DPpcL3s_.js                      0.17 kB │ gzip:  0.19 kB
dist/assets/rovingFocus-C627c-M6.js                      0.26 kB │ gzip:  0.19 kB
dist/assets/carryOverPanel-BbDIxuGY.js                   0.61 kB │ gzip:  0.40 kB
dist/assets/PlaceholderPage-NZ9u9ewH.js                  0.64 kB │ gzip:  0.43 kB
dist/assets/effectiveProfile-CIFNkz4g.js                 0.67 kB │ gzip:  0.37 kB
dist/assets/TextField-BA_WND_b.js                        0.72 kB │ gzip:  0.43 kB
dist/assets/Callout-DZmNTj8v.js                          0.85 kB │ gzip:  0.42 kB
dist/assets/referenceDisplay-UlcnMibF.js                 0.87 kB │ gzip:  0.49 kB
dist/assets/boardInput-BaLUnBUu.js                       1.01 kB │ gzip:  0.70 kB
dist/assets/profileAdjustments-zS7nbxew.js               1.06 kB │ gzip:  0.62 kB
dist/assets/sectionLibrary-50WmVJEd.js                   1.10 kB │ gzip:  0.63 kB
dist/assets/adjustmentText-C8m9Grsn.js                   1.34 kB │ gzip:  0.72 kB
dist/assets/contrast-rfHOxf1P.js                         1.41 kB │ gzip:  0.88 kB
dist/assets/profileContrast-CCf3QI2t.js                  1.47 kB │ gzip:  0.76 kB
dist/assets/SegmentedControl-CnitKpvq.js                 1.93 kB │ gzip:  1.02 kB
dist/assets/catalogFilters-CTS9InfW.js                   2.26 kB │ gzip:  1.16 kB
dist/assets/references-Dy8ZbmG9.js                       2.70 kB │ gzip:  0.97 kB
dist/assets/memoryBoardConfirm-BLVMyeG2.js               2.86 kB │ gzip:  1.50 kB
dist/assets/memoryProfileAdjust-BbprtWoQ.js              3.65 kB │ gzip:  1.76 kB
dist/assets/referenceComparisons-BjFXZkfz.js             3.69 kB │ gzip:  1.01 kB
dist/assets/referenceDetails-C7TYk5GK.js                 5.57 kB │ gzip:  1.41 kB
dist/assets/react-DB-4Zxce.js                            8.52 kB │ gzip:  3.28 kB
dist/assets/profileDraft-Cveuc96G.js                     9.09 kB │ gzip:  3.87 kB
dist/assets/memoryStudio-BQswlDkA.js                    10.39 kB │ gzip:  4.18 kB
dist/assets/memoryGenerate-Ru8hKWXT.js                  11.09 kB │ gzip:  4.75 kB
dist/assets/ReferenceDetailPage-BAYPb4pd.js             13.19 kB │ gzip:  4.44 kB
dist/assets/boardEngine-DPaXoa7H.js                     14.40 kB │ gzip:  6.15 kB
dist/assets/schemas-W3dRUVzC.js                         18.15 kB │ gzip:  5.95 kB
dist/assets/CatalogPage-C23txIKG.js                     19.52 kB │ gzip:  6.69 kB
dist/assets/ProfilePage-DrGHdb1F.js                     21.04 kB │ gzip:  7.33 kB
dist/assets/profileEngine-BHshu0X4.js                   27.41 kB │ gzip:  9.62 kB
dist/assets/CompareBoardPage-yFGm9eX7.js                27.62 kB │ gzip:  9.25 kB
dist/assets/index-DOHMikwB.js                          270.54 kB │ gzip: 86.76 kB

✓ built in 399ms
[bundle] 공통 JS (gzip, 참고): 89.13KB
  - assets/index-DOHMikwB.js 85.85KB
  - assets/react-DB-4Zxce.js 3.28KB
[bundle] /catalog 첫 화면 합계: 99.43KB / 예산 100KB · 진입 직후 자동 로드 포함: 101.82KB / 예산 125KB
[bundle] /references/:id 첫 화면 합계: 96.78KB / 예산 100KB · 진입 직후 자동 로드 포함: 99.17KB / 예산 125KB
[bundle] /compare 첫 화면 합계: 99.66KB / 예산 100KB · 진입 직후 자동 로드 포함: 120.57KB / 예산 125KB
[bundle]   /compare 조작 뒤 src/features/compare/carryOverPanel.tsx: +2.90KB (5개 파일, 예산 판정 밖)
[bundle]   /compare 조작 뒤 src/data/memoryBoardConfirm.ts: +1.50KB (1개 파일, 예산 판정 밖)
[bundle]   /compare 조작 뒤 src/domain/profileAdjustments.ts: +1.76KB (3개 파일, 예산 판정 밖)
[bundle]   /compare 조작 뒤 src/data/memoryProfileAdjust.ts: +8.04KB (3개 파일, 예산 판정 밖)
[bundle]   /compare 조작 뒤 src/domain/boardInput.ts: +6.61KB (2개 파일, 예산 판정 밖)
[bundle] /compare (조정 있음) 첫 화면 합계: 99.66KB / 예산 100KB · 진입 직후 자동 로드 포함: 120.57KB / 예산 125KB
[bundle]   /compare (조정 있음) 조작 뒤 src/features/compare/carryOverPanel.tsx: +2.90KB (5개 파일, 예산 판정 밖)
[bundle]   /compare (조정 있음) 조작 뒤 src/data/memoryBoardConfirm.ts: +1.50KB (1개 파일, 예산 판정 밖)
[bundle]   /compare (조정 있음) 조작 뒤 src/domain/profileAdjustments.ts: +1.76KB (3개 파일, 예산 판정 밖)
[bundle]   /compare (조정 있음) 조작 뒤 src/data/memoryProfileAdjust.ts: +8.04KB (3개 파일, 예산 판정 밖)
[bundle]   /compare (조정 있음) 조작 뒤 src/domain/boardInput.ts: +6.61KB (2개 파일, 예산 판정 밖)
[bundle] /profile 첫 화면 합계: 99.54KB / 예산 100KB · 진입 직후 자동 로드 포함: 124.67KB / 예산 125KB
[bundle]   /profile 조작 뒤 src/data/memoryProfileAdjust.ts: +7.66KB (2개 파일, 예산 판정 밖)
[bundle]   /profile 조작 뒤 src/data/memoryGenerate.ts: +4.74KB (1개 파일, 예산 판정 밖)
[bundle] /studio (자리표시) 첫 화면 합계: 89.57KB / 예산 100KB · 진입 직후 자동 로드 포함: 91.96KB / 예산 125KB
